[2026-10-02T15:17:05.079+0000] {manager.py:469} INFO - Processing files using up to 2 processes at a time 
[2026-10-02T15:17:05.082+0000] {manager.py:470} INFO - Process each file at most once every 30 seconds
[2026-10-02T15:17:05.083+0000] {manager.py:471} INFO - Checking for new files in /opt/airflow/dags every 300 seconds
[2026-10-02T15:17:05.085+0000] {manager.py:738} INFO - Searching for files in /opt/airflow/dags
[2026-10-02T15:17:05.094+0000] {manager.py:741} INFO - There are 0 files in /opt/airflow/dags
[2026-10-02T15:22:05.462+0000] {manager.py:738} INFO - Searching for files in /opt/airflow/dags
[2026-10-02T15:22:05.548+0000] {manager.py:741} INFO - There are 0 files in /opt/airflow/dags
[2026-10-02T15:27:05.826+0000] {manager.py:738} INFO - Searching for files in /opt/airflow/dags
[2026-10-02T15:27:05.848+0000] {manager.py:741} INFO - There are 0 files in /opt/airflow/dags
[2026-10-02T15:29:40.723+0000] {manager.py:451} INFO - Exiting gracefully upon receiving signal 15
[2026-10-02T15:31:26.092+0000] {manager.py:469} INFO - Processing files using up to 2 processes at a time 
[2026-10-02T15:31:26.095+0000] {manager.py:470} INFO - Process each file at most once every 30 seconds
[2026-10-02T15:31:26.096+0000] {manager.py:471} INFO - Checking for new files in /opt/airflow/dags every 300 seconds
[2026-10-02T15:31:26.098+0000] {manager.py:738} INFO - Searching for files in /opt/airflow/dags
[2026-10-02T15:31:26.103+0000] {manager.py:741} INFO - There are 0 files in /opt/airflow/dags
[2026-10-02T15:36:26.499+0000] {manager.py:738} INFO - Searching for files in /opt/airflow/dags
[2026-10-02T15:36:26.566+0000] {manager.py:741} INFO - There are 0 files in /opt/airflow/dags
[2026-10-02T15:41:27.135+0000] {manager.py:738} INFO - Searching for files in /opt/airflow/dags
[2026-10-02T15:41:27.172+0000] {manager.py:741} INFO - There are 0 files in /opt/airflow/dags
[2026-10-02T15:46:27.562+0000] {manager.py:738} INFO - Searching for files in /opt/airflow/dags
[2026-10-02T15:46:27.592+0000] {manager.py:741} INFO - There are 0 files in /opt/airflow/dags
[2026-10-02T15:51:27.901+0000] {manager.py:738} INFO - Searching for files in /opt/airflow/dags
[2026-10-02T15:51:27.922+0000] {manager.py:741} INFO - There are 0 files in /opt/airflow/dags
[2026-10-02T15:56:28.436+0000] {manager.py:738} INFO - Searching for files in /opt/airflow/dags
[2026-10-02T15:56:28.494+0000] {manager.py:741} INFO - There are 0 files in /opt/airflow/dags
[2026-10-02T16:01:29.019+0000] {manager.py:738} INFO - Searching for files in /opt/airflow/dags
[2026-10-02T16:01:29.027+0000] {manager.py:741} INFO - There are 0 files in /opt/airflow/dags
[2026-10-02T16:06:29.453+0000] {manager.py:738} INFO - Searching for files in /opt/airflow/dags
[2026-10-02T16:06:29.475+0000] {manager.py:741} INFO - There are 0 files in /opt/airflow/dags
[2026-10-02T16:11:30.031+0000] {manager.py:738} INFO - Searching for files in /opt/airflow/dags
[2026-10-02T16:11:30.046+0000] {manager.py:741} INFO - There are 0 files in /opt/airflow/dags
[2026-10-02T16:16:30.409+0000] {manager.py:738} INFO - Searching for files in /opt/airflow/dags
[2026-10-02T16:16:30.451+0000] {manager.py:741} INFO - There are 0 files in /opt/airflow/dags
[2026-10-02T16:21:30.748+0000] {manager.py:738} INFO - Searching for files in /opt/airflow/dags
[2026-10-02T16:21:30.789+0000] {manager.py:741} INFO - There are 0 files in /opt/airflow/dags
[2026-10-02T16:26:31.410+0000] {manager.py:738} INFO - Searching for files in /opt/airflow/dags
[2026-10-02T16:26:31.451+0000] {manager.py:741} INFO - There are 0 files in /opt/airflow/dags
[2026-10-02T16:31:31.995+0000] {manager.py:738} INFO - Searching for files in /opt/airflow/dags
[2026-10-02T16:31:32.031+0000] {manager.py:741} INFO - There are 0 files in /opt/airflow/dags
[2026-10-02T16:36:32.286+0000] {manager.py:738} INFO - Searching for files in /opt/airflow/dags
[2026-10-02T16:36:32.344+0000] {manager.py:741} INFO - There are 0 files in /opt/airflow/dags
[2026-10-02T16:41:32.669+0000] {manager.py:738} INFO - Searching for files in /opt/airflow/dags
[2026-10-02T16:41:32.682+0000] {manager.py:741} INFO - There are 0 files in /opt/airflow/dags
[2026-10-02T16:46:33.112+0000] {manager.py:738} INFO - Searching for files in /opt/airflow/dags
[2026-10-02T16:46:33.147+0000] {manager.py:741} INFO - There are 0 files in /opt/airflow/dags
[2026-10-02T16:51:33.592+0000] {manager.py:738} INFO - Searching for files in /opt/airflow/dags
[2026-10-02T16:51:33.629+0000] {manager.py:741} INFO - There are 0 files in /opt/airflow/dags
[2026-10-02T16:56:34.005+0000] {manager.py:738} INFO - Searching for files in /opt/airflow/dags
[2026-10-02T16:56:34.049+0000] {manager.py:741} INFO - There are 0 files in /opt/airflow/dags
[2026-10-02T17:01:34.458+0000] {manager.py:738} INFO - Searching for files in /opt/airflow/dags
[2026-10-02T17:01:34.637+0000] {manager.py:741} INFO - There are 0 files in /opt/airflow/dags
[2026-10-02T17:06:35.063+0000] {manager.py:738} INFO - Searching for files in /opt/airflow/dags
[2026-10-02T17:06:35.126+0000] {manager.py:741} INFO - There are 0 files in /opt/airflow/dags
[2026-10-02T17:11:35.507+0000] {manager.py:738} INFO - Searching for files in /opt/airflow/dags
[2026-10-02T17:11:35.594+0000] {manager.py:741} INFO - There are 0 files in /opt/airflow/dags
[2026-10-02T17:16:36.225+0000] {manager.py:738} INFO - Searching for files in /opt/airflow/dags
[2026-10-02T17:16:36.258+0000] {manager.py:741} INFO - There are 0 files in /opt/airflow/dags
[2026-10-02T17:21:36.713+0000] {manager.py:738} INFO - Searching for files in /opt/airflow/dags
[2026-10-02T17:21:36.742+0000] {manager.py:741} INFO - There are 0 files in /opt/airflow/dags
[2026-10-02T17:26:37.233+0000] {manager.py:738} INFO - Searching for files in /opt/airflow/dags
[2026-10-02T17:26:37.276+0000] {manager.py:741} INFO - There are 0 files in /opt/airflow/dags
[2026-10-02T17:31:37.871+0000] {manager.py:738} INFO - Searching for files in /opt/airflow/dags
[2026-10-02T17:31:37.876+0000] {manager.py:741} INFO - There are 0 files in /opt/airflow/dags
[2026-10-02T17:36:38.428+0000] {manager.py:738} INFO - Searching for files in /opt/airflow/dags
[2026-10-02T17:36:38.446+0000] {manager.py:741} INFO - There are 0 files in /opt/airflow/dags
[2026-10-02T17:41:39.253+0000] {manager.py:738} INFO - Searching for files in /opt/airflow/dags
[2026-10-02T17:41:39.332+0000] {manager.py:741} INFO - There are 0 files in /opt/airflow/dags
[2026-10-02T17:46:39.771+0000] {manager.py:738} INFO - Searching for files in /opt/airflow/dags
[2026-10-02T17:46:39.841+0000] {manager.py:741} INFO - There are 0 files in /opt/airflow/dags
[2026-10-02T17:51:40.615+0000] {manager.py:738} INFO - Searching for files in /opt/airflow/dags
[2026-10-02T17:51:40.690+0000] {manager.py:741} INFO - There are 0 files in /opt/airflow/dags
